# SYNTHETIC Civic10 idle_scenario — NOT real vehicle data
# Generated from Civic10Encoder SYNTHETIC mode (opendbc layouts)
(0.000000) can0 158#0000032000000005
(0.010000) can0 309#000000000000000C
(0.020000) can0 17C#000003200000000F
(0.030000) can0 191#010000000000000C
(0.040000) can0 326#000000000000000D
(0.050000) can0 405#000000000000000F
(0.060000) can0 1C2#0800000000000001
(0.070000) can0 305#0020000000000E
(0.080000) can0 1A4#0000000000000009
(0.090000) can0 516#003039000000000D
(0.100000) can0 37B#000000000800000B
(0.110000) can0 158#000003520000001F
(0.120000) can0 309#000000000000001B
(0.130000) can0 17C#0000035200000019
(0.140000) can0 191#010000000000001B
(0.150000) can0 326#0000000400000018
(0.160000) can0 405#000000000000001E
(0.170000) can0 1C2#0800000000000010
(0.180000) can0 305#0020000000001D
(0.190000) can0 1A4#0000000000000018
(0.200000) can0 516#003039000000001C
(0.210000) can0 37B#000000000800001A
